---
source: tui/src/app/storage_menu_tests.rs
expression: "render_bottom_popup(&app.chat_widget, 80)"
---
  Migrate this host's history to PostgreSQL
  Operation 0194e0a0-0000-7000-8000-0000000000bb
  State: finished; the new storage is authoritative
    threads: 412 rows
    logs: 40000 rows


› 1. Back to storage
  2. Close

  enter select · esc back
