---
source: tui/src/app/storage_menu_tests.rs
expression: "render_bottom_popup(&app.chat_widget, 80)"
---
  Migrate this host's history to PostgreSQL
  Operation 0194e0a0-0000-7000-8000-0000000000bb
  State: verified and waiting for your go-ahead
    threads: 412 rows
    logs: 40000 rows


› 1. Switch to the verified copy  Makes the copy authoritative; this host stops
                                  using the old one
  2. Cancel this operation        Keeps the current storage; nothing is deleted
  3. Back to storage
  4. Close

  enter select · esc back
