---
source: tui/src/app/tests/agents_overview_settings_tests.rs
assertion_line: 118
expression: "crate::chatwidget::tests::helpers::normalize_snapshot_paths(render_bottom_popup(&app.chat_widget,\n80,))"
---
  🔒   This conversation is open in another app                      r to retry
      Close it there and press R to continue here.

   r retry   f fork   esc/ctrl+c/q exit   ctrl+t transcript
